// 同步 ID: d3be60f4 @ Thu Jul 16 10:11:50 UTC 2026
// 同步 ID: 3752052e @ Thu Jul 16 12:49:31 UTC 2026
// 同步 ID: 46141180 @ Thu Jul 16 18:52:58 UTC 2026
// 重构日志: c8e1dbf2
// 同步 ID: 302465fe @ Sat Jul 18 11:31:42 UTC 2026
// 重构日志: 0482b131
// 重构日志: 1d3c6e75
// 重构日志: 9baf994f
// 重构日志: ecc68175
// 同步 ID: 0802bde5 @ Thu Jul 23 01:07:56 UTC 2026
// 同步 ID: fbeabd96 @ Thu Jul 23 05:12:40 UTC 2026
// 同步 ID: b039aa83 @ Thu Jul 23 10:56:56 UTC 2026
// 重构日志: 2af4b6f3
// 重构日志: c208175b
// 重构日志: 5bfb90e2
// 重构日志: 2a6438f2
// 重构日志: 6aa558a3
// 重构日志: f2a05b97
// 同步 ID: 32086e7c @ Sun Jul 26 12:52:16 UTC 2026
// 重构日志: c1756827
// 重构日志: 2fc574c8
// 重构日志: d1632a36
// 重构日志: 90d25728
// 重构日志: af0d3c29
// 重构日志: 1f2da3aa
// 重构日志: 58339d1b
// 重构日志: 15393284
// 重构日志: 0eccb8db
// 重构日志: fcde822f
// 同步 ID: d31706b3 @ Sat Aug  1 10:58:23 UTC 2026
// 重构日志: aca9cea5
